// Jest Snapshot v1, https://goo.gl/fbAQLP

exports[`Landing renders without props 1`] = `
.c1 {
  color: white;
  -webkit-align-self: center;
  -ms-flex-item-align: center;
  align-self: center;
  text-transform: uppercase;
  opacity: 0;
  -webkit-animation: eMLfYp 0.5s ease-out forwards;
  animation: eMLfYp 0.5s ease-out forwards;
  -webkit-animation-delay: 0.5s;
  animation-delay: 0.5s;
}

.c0 {
  background: salmon;
  color: white;
  height: 100%;
  display: -webkit-box;
  display: -webkit-flex;
  display: -ms-flexbox;
  display: flex;
  -webkit-box-pack: center;
  -webkit-justify-content: center;
  -ms-flex-pack: center;
  justify-content: center;
  -webkit-animation: dZYEHQ 1s ease-out forwards;
  animation: dZYEHQ 1s ease-out forwards;
}

<div
  className="c0"
>
  <h1
    className="c1"
  >
    I'm just a Boilerplate
  </h1>
</div>
`;
