// Jest Snapshot v1, https://goo.gl/fbAQLP

exports[`Card renders without props 1`] = `
.c1 {
  -webkit-animation: jbzgzh 0.25s ease-in-out forwards;
  animation: jbzgzh 0.25s ease-in-out forwards;
  font-weight: bold;
  font-size: 14px;
}

.c0 {
  cursor: -webkit-grab;
  cursor: -moz-grab;
  cursor: grab;
  background: #fff;
  color: #5f6368;
  font-size: 1rem;
  padding: 1rem;
  border-radius: 4px;
  opacity: 1;
  overflow: hidden;
  display: grid;
  min-height: 60px;
  box-shadow: 0 1px 1px 0 rgba(60,64,67,.08),0 1px 3px 1px rgba(60,64,67,.16);
  -webkit-transition: background 0.2s cubic-bezier(.4,0,.2,1), box-shadow 0.1s cubic-bezier(.4,0,.2,1), -webkit-transform 0.1s ease-in-out, z-index 0.2s ease-in-out;
  -webkit-transition: background 0.2s cubic-bezier(.4,0,.2,1), box-shadow 0.1s cubic-bezier(.4,0,.2,1), transform 0.1s ease-in-out, z-index 0.2s ease-in-out;
  transition: background 0.2s cubic-bezier(.4,0,.2,1), box-shadow 0.1s cubic-bezier(.4,0,.2,1), transform 0.1s ease-in-out, z-index 0.2s ease-in-out;
}

.c0:hover {
  background: #ea8b00;
  color: #FFF;
}

<div
  className="c0"
>
  <div
    className="c1"
  />
</div>
`;
