// Jest Snapshot v1, https://goo.gl/fbAQLP

exports[`Card renders without props 1`] = `
.c1 {
  font-weight: 600;
  font-size: 0.9rem;
  margin-bottom: 1.3rem;
}

.c0 {
  position: relative;
  border: #000 1px solid;
  cursor: -webkit-grab;
  cursor: -moz-grab;
  cursor: grab;
  background: #fff;
  color: #333;
  font-size: 0.8rem;
  padding: 1rem;
  border-radius: 3px;
  opacity: 1;
  overflow: hidden;
  display: grid;
  min-height: 60px;
  box-shadow: 0 1px 3px rgba(0,0,0,0.12),0 1px 2px rgba(0,0,0,0.24);
}

<div
  className="c0"
>
  <div
    className="c1"
  />
</div>
`;
